
[7m[1m[36m RUN [39m[22m[27m [36mv1.6.1[39m [90mE:/Work/indobase sdk/ssr[39m

 [32mΓ£ô[39m src/utils/base64url.test.ts [2m ([22m[2m24 tests[22m[2m)[22m[90m 21[2mms[22m[39m
 [32mΓ£ô[39m src/utils/chunker.spec.ts [2m ([22m[2m8 tests[22m[2m)[22m[90m 25[2mms[22m[39m
 [32mΓ£ô[39m src/utils/helpers.spec.ts [2m ([22m[2m2 tests[22m[2m)[22m[90m 15[2mms[22m[39m
 [32mΓ£ô[39m src/createBrowserIndobaseClient.spec.ts [2m ([22m[2m1 test[22m[2m)[22m[90m 10[2mms[22m[39m
 [32mΓ£ô[39m src/cookies.spec.ts [2m ([22m[2m22 tests[22m[2m)[22m[90m 50[2mms[22m[39m
 [33mΓ¥»[39m src/createServerIndobaseClient.spec.ts [2m ([22m[2m16 tests[22m [2m|[22m [31m15 failed[39m[2m)[22m[90m 50[2mms[22m[39m
[31m   [33mΓ¥»[31m src/createServerIndobaseClient.spec.ts[2m > [22mcreateServerIndobaseClient[2m > [22muse cases[2m > [22mshould set PKCE code verifier correctly (storage key = null)[39m
[31m     ΓåÆ createClient is not a function[39m
[31m   [33mΓ¥»[31m src/createServerIndobaseClient.spec.ts[2m > [22mcreateServerIndobaseClient[2m > [22muse cases[2m > [22mshould set exchange PKCE code for session correctly (storage key = null)[39m
[31m     ΓåÆ createClient is not a function[39m
[31m   [33mΓ¥»[31m src/createServerIndobaseClient.spec.ts[2m > [22mcreateServerIndobaseClient[2m > [22muse cases[2m > [22mshould refresh session correctly as typically used in middlewares (storage key = null)[39m
[31m     ΓåÆ createClient is not a function[39m
[31m   [33mΓ¥»[31m src/createServerIndobaseClient.spec.ts[2m > [22mcreateServerIndobaseClient[2m > [22muse cases[2m > [22mshould not set cookies if the session does not need to be refreshed (storage key = null)[39m
[31m     ΓåÆ createClient is not a function[39m
[31m   [33mΓ¥»[31m src/createServerIndobaseClient.spec.ts[2m > [22mcreateServerIndobaseClient[2m > [22muse cases[2m > [22mshould return valid session via getSession() without calling initialize() (storage key = null)[39m
[31m     ΓåÆ createClient is not a function[39m
[31m   [33mΓ¥»[31m src/createServerIndobaseClient.spec.ts[2m > [22mcreateServerIndobaseClient[2m > [22muse cases[2m > [22mgetSession() reads from cookies without a network call; getUser() always contacts the auth server (storage key = null)[39m
[31m     ΓåÆ createClient is not a function[39m
[31m   [33mΓ¥»[31m src/createServerIndobaseClient.spec.ts[2m > [22mcreateServerIndobaseClient[2m > [22muse cases[2m > [22mshould refresh expired session via getSession() without calling initialize() (storage key = null)[39m
[31m     ΓåÆ createClient is not a function[39m
[31m   [33mΓ¥»[31m src/createServerIndobaseClient.spec.ts[2m > [22mcreateServerIndobaseClient[2m > [22muse cases[2m > [22mshould set PKCE code verifier correctly (storage key = custom-storage-key)[39m
[31m     ΓåÆ createClient is not a function[39m
[31m   [33mΓ¥»[31m src/createServerIndobaseClient.spec.ts[2m > [22mcreateServerIndobaseClient[2m > [22muse cases[2m > [22mshould set exchange PKCE code for session correctly (storage key = custom-storage-key)[39m
[31m     ΓåÆ createClient is not a function[39m
[31m   [33mΓ¥»[31m src/createServerIndobaseClient.spec.ts[2m > [22mcreateServerIndobaseClient[2m > [22muse cases[2m > [22mshould refresh session correctly as typically used in middlewares (storage key = custom-storage-key)[39m
[31m     ΓåÆ createClient is not a function[39m
[31m   [33mΓ¥»[31m src/createServerIndobaseClient.spec.ts[2m > [22mcreateServerIndobaseClient[2m > [22muse cases[2m > [22mshould not set cookies if the session does not need to be refreshed (storage key = custom-storage-key)[39m
[31m     ΓåÆ createClient is not a function[39m
[31m   [33mΓ¥»[31m src/createServerIndobaseClient.spec.ts[2m > [22mcreateServerIndobaseClient[2m > [22muse cases[2m > [22mshould return valid session via getSession() without calling initialize() (storage key = custom-storage-key)[39m
[31m     ΓåÆ createClient is not a function[39m
[31m   [33mΓ¥»[31m src/createServerIndobaseClient.spec.ts[2m > [22mcreateServerIndobaseClient[2m > [22muse cases[2m > [22mgetSession() reads from cookies without a network call; getUser() always contacts the auth server (storage key = custom-storage-key)[39m
[31m     ΓåÆ createClient is not a function[39m
[31m   [33mΓ¥»[31m src/createServerIndobaseClient.spec.ts[2m > [22mcreateServerIndobaseClient[2m > [22muse cases[2m > [22mshould refresh expired session via getSession() without calling initialize() (storage key = custom-storage-key)[39m
[31m     ΓåÆ createClient is not a function[39m
[31m   [33mΓ¥»[31m src/createServerIndobaseClient.spec.ts[2m > [22mcreateServerIndobaseClient[2m > [22mexplicit session initialization[2m > [22mshould not auto-initialize on creation[39m
[31m     ΓåÆ createClient is not a function[39m

[2m Test Files [22m [1m[31m1 failed[39m[22m[2m | [22m[1m[32m5 passed[39m[22m[90m (6)[39m
[2m      Tests [22m [1m[31m15 failed[39m[22m[2m | [22m[1m[32m58 passed[39m[22m[90m (73)[39m
[2m   Start at [22m 19:14:52
[2m   Duration [22m 1.64s[2m (transform 1.04s, setup 2ms, collect 1.86s, tests 171ms, environment 3ms, prepare 3.32s)[22m

